]0;~/Documents/VizUM[?1034hCarters-MacBook-Pro:VizUM carter$ [KCarters-MacBook-Pro:VizUM carter$ echo "# VizUM" >> README.md
]0;~/Documents/VizUMCarters-MacBook-Pro:VizUM carter$ git init
Initialized empty Git repository in /Users/carter/Documents/VizUM/.git/
]0;~/Documents/VizUMCarters-MacBook-Pro:VizUM carter$ git add README.md
]0;~/Documents/VizUMCarters-MacBook-Pro:VizUM carter$ git commit -m "first commit"
[master (root-commit) d32428c] first commit
 1 file changed, 1 insertion(+)
 create mode 100644 README.md
]0;~/Documents/VizUMCarters-MacBook-Pro:VizUM carter$ git remote add origin https://github.com/cart er-allen/VizUM.git
]0;~/Documents/VizUMCarters-MacBook-Pro:VizUM carter$ git push -u origin master
Counting objects: 3, done.
Writing objects:  33% (1/3)   Writing objects:  66% (2/3)   Writing objects: 100% (3/3)   Writing objects: 100% (3/3), 219 bytes | 219.00 KiB/s, done.
Total 3 (delta 0), reused 0 (delta 0)
To https://github.com/carter-allen/VizUM.git
 * [new branch]      master -> master
Branch master set up to track remote branch master from origin.
]0;~/Documents/VizUMCarters-MacBook-Pro:VizUM carter$ git status
On branch master
Your branch is up-to-date with 'origin/master'.

Untracked files:
  (use "git add <file>..." to include in what will be committed)

	[31m.Rproj.user/[m
	[31mParks.Rmd[m
	[31mParks.html[m
	[31mVizUM.Rproj[m
	[31mparks.csv[m

nothing added to commit but untracked files present (use "git add" to track)
]0;~/Documents/VizUMCarters-MacBook-Pro:VizUM carter$ git ass [K[K[Kdd -A
]0;~/Documents/VizUMCarters-MacBook-Pro:VizUM carter$ git starus
git: 'starus' is not a git command. See 'git --help'.

The most similar command is
	status
]0;~/Documents/VizUMCarters-MacBook-Pro:VizUM carter$ git stau[Ktus
On branch master
Your branch is up-to-date with 'origin/master'.

Changes to be committed:
  (use "git reset HEAD <file>..." to unstage)

	[32mnew file:   .Rproj.user/284780B9/console06/8F89C4A8[m
	[32mnew file:   .Rproj.user/284780B9/console06/8F89C4A8.env[m
	[32mnew file:   .Rproj.user/284780B9/console06/INDEX001[m
	[32mnew file:   .Rproj.user/284780B9/sources/prop/3B2B885B[m
	[32mnew file:   .Rproj.user/284780B9/sources/prop/4FE85A3E[m
	[32mnew file:   .Rproj.user/284780B9/sources/prop/INDEX[m
	[32mnew file:   .Rproj.user/284780B9/sources/s-815B8A39/3DF10D89[m
	[32mnew file:   .Rproj.user/284780B9/sources/s-815B8A39/3DF10D89-contents[m
	[32mnew file:   .Rproj.user/284780B9/sources/s-815B8A39/9B4F4E8[m
	[32mnew file:   .Rproj.user/284780B9/sources/s-815B8A39/9B4F4E8-contents[m
	[32mnew file:   .Rproj.user/284780B9/sources/s-815B8A39/C7A71465[m
	[32mnew file:   .Rproj.user/284780B9/sources/s-815B8A39/C7A71465-contents[m
	[32mnew file:   .Rproj.user/284780B9/sources/s-815B8A39/lock_file[m
	[32mnew file:   .Rproj.user/shared/notebooks/5F8CF346-Parks/1/284780B9815B8A39/chunks.json[m
	[32mnew file:   .Rproj.user/shared/notebooks/5F8CF346-Parks/1/s/chunks.json[m
	[32mnew file:   .Rproj.user/shared/notebooks/5F8CF346-Parks/1/s/cqpwargc956bo/000002.csv[m
	[32mnew file:   .Rproj.user/shared/notebooks/5F8CF346-Parks/1/s/csetup_chunk/000002.csv[m
	[32mnew file:   .Rproj.user/shared/notebooks/patch-chunk-names[m
	[32mnew file:   .Rproj.user/shared/notebooks/paths[m
	[32mnew file:   Parks.Rmd[m
	[32mnew file:   Parks.html[m
	[32mnew file:   VizUM.Rproj[m
	[32mnew file:   parks.csv[m

Changes not staged for commit:
  (use "git add <file>..." to update what will be committed)
  (use "git checkout -- <file>..." to discard changes in working directory)

	[31mmodified:   .Rproj.user/284780B9/console06/8F89C4A8[m

]0;~/Documents/VizUMCarters-MacBook-Pro:VizUM carter$ git commiy[Kt
[?2004h[master 5b08683] Parks data
 23 files changed, 1141 insertions(+)
 create mode 100644 .Rproj.user/284780B9/console06/8F89C4A8
 create mode 100644 .Rproj.user/284780B9/console06/8F89C4A8.env
 create mode 100644 .Rproj.user/284780B9/console06/INDEX001
 create mode 100644 .Rproj.user/284780B9/sources/prop/3B2B885B
 create mode 100644 .Rproj.user/284780B9/sources/prop/4FE85A3E
 create mode 100644 .Rproj.user/284780B9/sources/prop/INDEX
 create mode 100644 .Rproj.user/284780B9/sources/s-815B8A39/3DF10D89
 create mode 100644 .Rproj.user/284780B9/sources/s-815B8A39/3DF10D89-contents
 create mode 100644 .Rproj.user/284780B9/sources/s-815B8A39/9B4F4E8
 create mode 100644 .Rproj.user/284780B9/sources/s-815B8A39/9B4F4E8-contents
 create mode 100644 .Rproj.user/284780B9/sources/s-815B8A39/C7A71465
 create mode 100644 .Rproj.user/284780B9/sources/s-815B8A39/C7A71465-contents
 create mode 100644 .Rproj.user/284780B9/sources/s-815B8A39/lock_file
 create mode 100644 .Rproj.user/shared/notebooks/5F8CF346-Parks/1/284780B9815B8A39/chunks.json
 create mode 100644 .Rproj.user/shared/notebooks/5F8CF346-Parks/1/s/chunks.json
 create mode 100644 .Rproj.user/shared/notebooks/5F8CF346-Parks/1/s/cqpwargc956bo/000002.csv
 create mode 100644 .Rproj.user/shared/notebooks/5F8CF346-Parks/1/s/csetup_chunk/000002.csv
 create mode 100644 .Rproj.user/shared/notebooks/patch-chunk-names
 create mode 100644 .Rproj.user/shared/notebooks/paths
 create mode 100644 Parks.Rmd
 create mode 100644 Parks.html
 create mode 100644 VizUM.Rproj
 create mode 100644 parks.csv
]0;~/Documents/VizUMCarters-MacBook-Pro:VizUM carter$ git push
Counting objects: 36, done.
Delta compression using up to 8 threads.
Compressing objects:   3% (1/29)   Compressing objects:   6% (2/29)   Compressing objects:  10% (3/29)   Compressing objects:  13% (4/29)   Compressing objects:  17% (5/29)   Compressing objects:  20% (6/29)   Compressing objects:  24% (7/29)   Compressing objects:  27% (8/29)   Compressing objects:  31% (9/29)   Compressing objects:  34% (10/29)   Compressing objects:  37% (11/29)   Compressing objects:  41% (12/29)   Compressing objects:  44% (13/29)   Compressing objects:  48% (14/29)   Compressing objects:  51% (15/29)   Compressing objects:  55% (16/29)   Compressing objects:  58% (17/29)   Compressing objects:  62% (18/29)   Compressing objects:  65% (19/29)   Compressing objects:  68% (20/29)   Compressing objects:  72% (21/29)   Compressing objects:  75% (22/29)   Compressing objects:  79% (23/29)   Compressing objects:  82% (24/29)   Compressing objects:  86% (25/29)   Compressing objects:  89% (26/29)   Compressing objects:  93% (27/29)   Compressing objects:  96% (28/29)   Compressing objects: 100% (29/29)   Compressing objects: 100% (29/29), done.
Writing objects:   2% (1/36)   Writing objects:   5% (2/36)   Writing objects:   8% (3/36)   Writing objects:  11% (4/36)   Writing objects:  13% (5/36)   Writing objects:  16% (6/36)   Writing objects:  19% (7/36)   Writing objects:  22% (8/36)   Writing objects:  25% (9/36)   Writing objects:  27% (10/36)   Writing objects:  30% (11/36)   Writing objects:  33% (12/36)   Writing objects:  36% (13/36)   Writing objects:  38% (14/36)   Writing objects:  44% (16/36)   Writing objects:  47% (17/36)   Writing objects:  50% (18/36)   Writing objects:  52% (19/36)   Writing objects:  55% (20/36)   Writing objects:  58% (21/36)   Writing objects:  61% (22/36)   Writing objects:  63% (23/36)   Writing objects:  66% (24/36)   Writing objects:  69% (25/36)   Writing objects:  72% (26/36)   Writing objects:  75% (27/36)   Writing objects:  77% (28/36)   Writing objects:  80% (29/36)   Writing objects:  83% (30/36)   Writing objects:  86% (31/36)   Writing objects:  88% (32/36)   Writing objects:  91% (33/36)   Writing objects:  94% (34/36)   Writing objects:  97% (35/36)   Writing objects: 100% (36/36)   Writing objects: 100% (36/36), 259.73 KiB | 2.55 MiB/s, done.
Total 36 (delta 1), reused 0 (delta 0)
remote: Resolving deltas:   0% (0/1)   [Kremote: Resolving deltas: 100% (1/1)   [Kremote: Resolving deltas: 100% (1/1), done.[K
To https://github.com/carter-allen/VizUM.git
   d32428c..5b08683  master -> master
]0;~/Documents/VizUMCarters-MacBook-Pro:VizUM carter$ gt[Kit status
On branch master
Your branch is up-to-date with 'origin/master'.

Changes not staged for commit:
  (use "git add/rm <file>..." to update what will be committed)
  (use "git checkout -- <file>..." to discard changes in working directory)

	[31mmodified:   .Rproj.user/284780B9/console06/8F89C4A8[m
	[31mmodified:   .Rproj.user/284780B9/console06/INDEX001[m
	[31mmodified:   .Rproj.user/284780B9/sources/prop/4FE85A3E[m
	[31mmodified:   .Rproj.user/284780B9/sources/s-815B8A39/3DF10D89[m
	[31mmodified:   .Rproj.user/284780B9/sources/s-815B8A39/3DF10D89-contents[m
	[31mdeleted:    .Rproj.user/284780B9/sources/s-815B8A39/C7A71465[m
	[31mmodified:   .Rproj.user/shared/notebooks/5F8CF346-Parks/1/284780B9815B8A39/chunks.json[m
	[31mmodified:   .Rproj.user/shared/notebooks/5F8CF346-Parks/1/s/chunks.json[m
	[31mdeleted:    .Rproj.user/shared/notebooks/5F8CF346-Parks/1/s/cqpwargc956bo/000002.csv[m
	[31mmodified:   Parks.Rmd[m
	[31mmodified:   Parks.html[m

Untracked files:
  (use "git add <file>..." to include in what will be committed)

	[31m.Rproj.user/284780B9/sources/s-815B8A39/8D665F0C[m
	[31m.Rproj.user/284780B9/sources/s-815B8A39/8D665F0C-contents[m
	[31m.Rproj.user/shared/notebooks/5F8CF346-Parks/1/s/c0kswj63y6r8p/[m
	[31m.Rproj.user/shared/notebooks/5F8CF346-Parks/1/s/c9zji0dibu6n4/[m
	[31m.Rproj.user/shared/notebooks/5F8CF346-Parks/1/s/cmzih8zizsac2/[m
	[31m.Rproj.user/shared/notebooks/5F8CF346-Parks/1/s/cqpwargc956bo/000006.csv[m
	[31m.Rproj.user/shared/notebooks/5F8CF346-Parks/1/s/lib/[m
	[31mparks_tdy.csv[m

no changes added to commit (use "git add" and/or "git commit -a")
]0;~/Documents/VizUMCarters-MacBook-Pro:VizUM carter$ git add -A
]0;~/Documents/VizUMCarters-MacBook-Pro:VizUM carter$ gt[Kit status
On branch master
Your branch is up-to-date with 'origin/master'.

Changes to be committed:
  (use "git reset HEAD <file>..." to unstage)

	[32mmodified:   .Rproj.user/284780B9/console06/8F89C4A8[m
	[32mmodified:   .Rproj.user/284780B9/console06/INDEX001[m
	[32mmodified:   .Rproj.user/284780B9/sources/prop/4FE85A3E[m
	[32mmodified:   .Rproj.user/284780B9/sources/s-815B8A39/3DF10D89[m
	[32mmodified:   .Rproj.user/284780B9/sources/s-815B8A39/3DF10D89-contents[m
	[32mrenamed:    .Rproj.user/284780B9/sources/s-815B8A39/C7A71465 -> .Rproj.user/284780B9/sources/s-815B8A39/8D665F0C[m
	[32mnew file:   .Rproj.user/284780B9/sources/s-815B8A39/8D665F0C-contents[m
	[32mmodified:   .Rproj.user/shared/notebooks/5F8CF346-Parks/1/284780B9815B8A39/chunks.json[m
	[32mnew file:   .Rproj.user/shared/notebooks/5F8CF346-Parks/1/s/c0kswj63y6r8p/000002.csv[m
	[32mnew file:   .Rproj.user/shared/notebooks/5F8CF346-Parks/1/s/c9zji0dibu6n4/000002.csv[m
	[32mnew file:   .Rproj.user/shared/notebooks/5F8CF346-Parks/1/s/c9zji0dibu6n4/000003.html[m
	[32mnew file:   .Rproj.user/shared/notebooks/5F8CF346-Parks/1/s/c9zji0dibu6n4/000003.json[m
	[32mnew file:   .Rproj.user/shared/notebooks/5F8CF346-Parks/1/s/c9zji0dibu6n4/000003.metadata[m
	[32mmodified:   .Rproj.user/shared/notebooks/5F8CF346-Parks/1/s/chunks.json[m
	[32mnew file:   .Rproj.user/shared/notebooks/5F8CF346-Parks/1/s/cmzih8zizsac2/000002.csv[m
	[32mdeleted:    .Rproj.user/shared/notebooks/5F8CF346-Parks/1/s/cqpwargc956bo/000002.csv[m
	[32mnew file:   .Rproj.user/shared/notebooks/5F8CF346-Parks/1/s/cqpwargc956bo/000006.csv[m
	[32mnew file:   .Rproj.user/shared/notebooks/5F8CF346-Parks/1/s/lib/Proj4Leaflet-0.7.2/proj4-compressed.js[m
	[32mnew file:   .Rproj.user/shared/notebooks/5F8CF346-Parks/1/s/lib/Proj4Leaflet-0.7.2/proj4.js[m
	[32mnew file:   .Rproj.user/shared/notebooks/5F8CF346-Parks/1/s/lib/Proj4Leaflet-0.7.2/proj4leaflet.js[m
	[32mnew file:   .Rproj.user/shared/notebooks/5F8CF346-Parks/1/s/lib/htmlwidgets-1.0/htmlwidgets.js[m
	[32mnew file:   .Rproj.user/shared/notebooks/5F8CF346-Parks/1/s/lib/jquery-1.12.4/jquery.js[m
	[32mnew file:   .Rproj.user/shared/notebooks/5F8CF346-Parks/1/s/lib/jquery-1.12.4/jquery.min.js[m
	[32mnew file:   .Rproj.user/shared/notebooks/5F8CF346-Parks/1/s/lib/leaflet-0.7.7/images/1px.png[m
	[32mnew file:   .Rproj.user/shared/notebooks/5F8CF346-Parks/1/s/lib/leaflet-0.7.7/images/layers-2x.png[m
	[32mnew file:   .Rproj.user/shared/notebooks/5F8CF346-Parks/1/s/lib/leaflet-0.7.7/images/layers.png[m
	[32mnew file:   .Rproj.user/shared/notebooks/5F8CF346-Parks/1/s/lib/leaflet-0.7.7/images/marker-icon-2x.png[m
	[32mnew file:   .Rproj.user/shared/notebooks/5F8CF346-Parks/1/s/lib/leaflet-0.7.7/images/marker-icon.png[m
	[32mnew file:   .Rproj.user/shared/notebooks/5F8CF346-Parks/1/s/lib/leaflet-0.7.7/images/marker-shadow.png[m
	[32mnew file:   .Rproj.user/shared/notebooks/5F8CF346-Parks/1/s/lib/leaflet-0.7.7/leaflet-src.js[m
	[32mnew file:   .Rproj.user/shared/notebooks/5F8CF346-Parks/1/s/lib/leaflet-0.7.7/leaflet.css[m
	[32mnew file:   .Rproj.user/shared/notebooks/5F8CF346-Parks/1/s/lib/leaflet-0.7.7/leaflet.js[m
	[32mnew file:   .Rproj.user/shared/notebooks/5F8CF346-Parks/1/s/lib/leaflet-binding-1.1.0/leaflet.js[m
	[32mnew file:   .Rproj.user/shared/notebooks/5F8CF346-Parks/1/s/lib/leaflet-label-0.2.2/images/death.png[m
	[32mnew file:   .Rproj.user/shared/notebooks/5F8CF346-Parks/1/s/lib/leaflet-label-0.2.2/leaflet.label-src.js[m
	[32mnew file:   .Rproj.user/shared/notebooks/5F8CF346-Parks/1/s/lib/leaflet-label-0.2.2/leaflet.label.css[m
	[32mnew file:   .Rproj.user/shared/notebooks/5F8CF346-Parks/1/s/lib/leaflet-label-0.2.2/leaflet.label.js[m
	[32mnew file:   .Rproj.user/shared/notebooks/5F8CF346-Parks/1/s/lib/leafletfix-1.0.0/leafletfix.css[m
	[32mmodified:   Parks.Rmd[m
	[32mmodified:   Parks.html[m
	[32mnew file:   parks_tdy.csv[m

Changes not staged for commit:
  (use "git add <file>..." to update what will be committed)
  (use "git checkout -- <file>..." to discard changes in working directory)

	[31mmodified:   .Rproj.user/284780B9/console06/8F89C4A8[m

]0;~/Documents/VizUMCarters-MacBook-Pro:VizUM carter$ git commit
[?2004h[master f1fcdb4] making maps of parks
 41 files changed, 35086 insertions(+), 45 deletions(-)
 rewrite .Rproj.user/284780B9/console06/INDEX001 (69%)
 rename .Rproj.user/284780B9/sources/s-815B8A39/{C7A71465 => 8D665F0C} (67%)
 create mode 100644 .Rproj.user/284780B9/sources/s-815B8A39/8D665F0C-contents
 create mode 100644 .Rproj.user/shared/notebooks/5F8CF346-Parks/1/s/c0kswj63y6r8p/000002.csv
 create mode 100644 .Rproj.user/shared/notebooks/5F8CF346-Parks/1/s/c9zji0dibu6n4/000002.csv
 create mode 100644 .Rproj.user/shared/notebooks/5F8CF346-Parks/1/s/c9zji0dibu6n4/000003.html
 create mode 100644 .Rproj.user/shared/notebooks/5F8CF346-Parks/1/s/c9zji0dibu6n4/000003.json
 create mode 100644 .Rproj.user/shared/notebooks/5F8CF346-Parks/1/s/c9zji0dibu6n4/000003.metadata
 rewrite .Rproj.user/shared/notebooks/5F8CF346-Parks/1/s/chunks.json (100%)
 create mode 100644 .Rproj.user/shared/notebooks/5F8CF346-Parks/1/s/cmzih8zizsac2/000002.csv
 delete mode 100644 .Rproj.user/shared/notebooks/5F8CF346-Parks/1/s/cqpwargc956bo/000002.csv
 create mode 100644 .Rproj.user/shared/notebooks/5F8CF346-Parks/1/s/cqpwargc956bo/000006.csv
 create mode 100644 .Rproj.user/shared/notebooks/5F8CF346-Parks/1/s/lib/Proj4Leaflet-0.7.2/proj4-compressed.js
 create mode 100644 .Rproj.user/shared/notebooks/5F8CF346-Parks/1/s/lib/Proj4Leaflet-0.7.2/proj4.js
 create mode 100644 .Rproj.user/shared/notebooks/5F8CF346-Parks/1/s/lib/Proj4Leaflet-0.7.2/proj4leaflet.js
 create mode 100644 .Rproj.user/shared/notebooks/5F8CF346-Parks/1/s/lib/htmlwidgets-1.0/htmlwidgets.js
 create mode 100644 .Rproj.user/shared/notebooks/5F8CF346-Parks/1/s/lib/jquery-1.12.4/jquery.js
 create mode 100644 .Rproj.user/shared/notebooks/5F8CF346-Parks/1/s/lib/jquery-1.12.4/jquery.min.js
 create mode 100644 .Rproj.user/shared/notebooks/5F8CF346-Parks/1/s/lib/leaflet-0.7.7/images/1px.png
 create mode 100644 .Rproj.user/shared/notebooks/5F8CF346-Parks/1/s/lib/leaflet-0.7.7/images/layers-2x.png
 create mode 100644 .Rproj.user/shared/notebooks/5F8CF346-Parks/1/s/lib/leaflet-0.7.7/images/layers.png
 create mode 100644 .Rproj.user/shared/notebooks/5F8CF346-Parks/1/s/lib/leaflet-0.7.7/images/marker-icon-2x.png
 create mode 100644 .Rproj.user/shared/notebooks/5F8CF346-Parks/1/s/lib/leaflet-0.7.7/images/marker-icon.png
 create mode 100644 .Rproj.user/shared/notebooks/5F8CF346-Parks/1/s/lib/leaflet-0.7.7/images/marker-shadow.png
 create mode 100644 .Rproj.user/shared/notebooks/5F8CF346-Parks/1/s/lib/leaflet-0.7.7/leaflet-src.js
 create mode 100644 .Rproj.user/shared/notebooks/5F8CF346-Parks/1/s/lib/leaflet-0.7.7/leaflet.css
 create mode 100644 .Rproj.user/shared/notebooks/5F8CF346-Parks/1/s/lib/leaflet-0.7.7/leaflet.js
 create mode 100644 .Rproj.user/shared/notebooks/5F8CF346-Parks/1/s/lib/leaflet-binding-1.1.0/leaflet.js
 create mode 100644 .Rproj.user/shared/notebooks/5F8CF346-Parks/1/s/lib/leaflet-label-0.2.2/images/death.png
 create mode 100644 .Rproj.user/shared/notebooks/5F8CF346-Parks/1/s/lib/leaflet-label-0.2.2/leaflet.label-src.js
 create mode 100644 .Rproj.user/shared/notebooks/5F8CF346-Parks/1/s/lib/leaflet-label-0.2.2/leaflet.label.css
 create mode 100644 .Rproj.user/shared/notebooks/5F8CF346-Parks/1/s/lib/leaflet-label-0.2.2/leaflet.label.js
 create mode 100644 .Rproj.user/shared/notebooks/5F8CF346-Parks/1/s/lib/leafletfix-1.0.0/leafletfix.css
 create mode 100644 parks_tdy.csv
]0;~/Documents/VizUMCarters-MacBook-Pro:VizUM carter$ git push
Counting objects: 66, done.
Delta compression using up to 8 threads.
Compressing objects:   1% (1/56)   Compressing objects:   3% (2/56)   Compressing objects:   5% (3/56)   Compressing objects:   7% (4/56)   Compressing objects:   8% (5/56)   Compressing objects:  10% (6/56)   Compressing objects:  12% (7/56)   Compressing objects:  14% (8/56)   Compressing objects:  16% (9/56)   Compressing objects:  17% (10/56)   Compressing objects:  19% (11/56)   Compressing objects:  21% (12/56)   Compressing objects:  23% (13/56)   Compressing objects:  25% (14/56)   Compressing objects:  26% (15/56)   Compressing objects:  28% (16/56)   Compressing objects:  30% (17/56)   Compressing objects:  32% (18/56)   Compressing objects:  33% (19/56)   Compressing objects:  35% (20/56)   Compressing objects:  37% (21/56)   Compressing objects:  39% (22/56)   Compressing objects:  41% (23/56)   Compressing objects:  42% (24/56)   Compressing objects:  44% (25/56)   Compressing objects:  46% (26/56)   Compressing objects:  48% (27/56)   Compressing objects:  50% (28/56)   Compressing objects:  51% (29/56)   Compressing objects:  53% (30/56)   Compressing objects:  55% (31/56)   Compressing objects:  57% (32/56)   Compressing objects:  58% (33/56)   Compressing objects:  60% (34/56)   Compressing objects:  62% (35/56)   Compressing objects:  64% (36/56)   Compressing objects:  66% (37/56)   Compressing objects:  67% (38/56)   Compressing objects:  69% (39/56)   Compressing objects:  71% (40/56)   Compressing objects:  73% (41/56)   Compressing objects:  75% (42/56)   Compressing objects:  76% (43/56)   Compressing objects:  78% (44/56)   Compressing objects:  80% (45/56)   Compressing objects:  82% (46/56)   Compressing objects:  83% (47/56)   Compressing objects:  85% (48/56)   Compressing objects:  87% (49/56)   Compressing objects:  89% (50/56)   Compressing objects:  91% (51/56)   Compressing objects:  92% (52/56)   Compressing objects:  94% (53/56)   Compressing objects:  96% (54/56)   Compressing objects:  98% (55/56)   Compressing objects: 100% (56/56)   Compressing objects: 100% (56/56), done.
Writing objects:   1% (1/66)   Writing objects:   3% (2/66)   Writing objects:   4% (3/66)   Writing objects:   6% (4/66)   Writing objects:   7% (5/66)   Writing objects:   9% (6/66)   Writing objects:  10% (7/66)   Writing objects:  12% (8/66)   Writing objects:  13% (9/66)   Writing objects:  15% (10/66)   Writing objects:  16% (11/66)   Writing objects:  18% (12/66)   Writing objects:  19% (13/66)   Writing objects:  21% (14/66)   Writing objects:  22% (15/66)   Writing objects:  24% (16/66)   Writing objects:  25% (17/66)   Writing objects:  27% (18/66)   Writing objects:  28% (19/66)   Writing objects:  31% (21/66)   Writing objects:  33% (22/66)   Writing objects:  34% (23/66)   Writing objects:  36% (24/66)   Writing objects:  37% (25/66)   Writing objects:  39% (26/66)   Writing objects:  40% (27/66)   Writing objects:  42% (28/66)   Writing objects:  43% (29/66)   Writing objects:  45% (30/66)   Writing objects:  46% (31/66)   Writing objects:  48% (32/66)   Writing objects:  50% (33/66)   Writing objects:  51% (34/66)   Writing objects:  53% (35/66)   Writing objects:  54% (36/66)   Writing objects:  56% (37/66)   Writing objects:  57% (38/66)   Writing objects:  59% (39/66)   Writing objects:  60% (40/66)   Writing objects:  62% (41/66)   Writing objects:  63% (42/66)   Writing objects:  65% (43/66)   Writing objects:  66% (44/66)   Writing objects:  68% (45/66)   Writing objects:  69% (46/66)   Writing objects:  71% (47/66)   Writing objects:  72% (48/66)   Writing objects:  74% (49/66)   Writing objects:  75% (50/66)   Writing objects:  77% (51/66)   Writing objects:  78% (52/66)   Writing objects:  80% (53/66)   Writing objects:  81% (54/66)   Writing objects:  83% (55/66)   Writing objects:  84% (56/66)   Writing objects:  86% (57/66)   Writing objects:  87% (58/66)   Writing objects:  89% (59/66)   Writing objects:  90% (60/66)   Writing objects:  92% (61/66)   Writing objects:  93% (62/66)   Writing objects:  95% (63/66)   Writing objects:  96% (64/66)   Writing objects:  98% (65/66)   Writing objects: 100% (66/66)   Writing objects: 100% (66/66), 516.56 KiB | 2.82 MiB/s, done.
Total 66 (delta 5), reused 0 (delta 0)
remote: Resolving deltas:   0% (0/5)   [Kremote: Resolving deltas:  20% (1/5)   [Kremote: Resolving deltas:  40% (2/5)   [Kremote: Resolving deltas:  60% (3/5)   [Kremote: Resolving deltas:  80% (4/5)   [Kremote: Resolving deltas: 100% (5/5)   [Kremote: Resolving deltas: 100% (5/5), completed with 4 local objects.[K
To https://github.com/carter-allen/VizUM.git
   5b08683..f1fcdb4  master -> master
]0;~/Documents/VizUMCarters-MacBook-Pro:VizUM carter$ [KCarters-MacBook-Pro:VizUM carter$ git status
On branch master
Your branch is up-to-date with 'origin/master'.

Changes not staged for commit:
  (use "git add <file>..." to update what will be committed)
  (use "git checkout -- <file>..." to discard changes in working directory)

	[31mmodified:   .Rproj.user/284780B9/console06/8F89C4A8[m
	[31mmodified:   .Rproj.user/284780B9/console06/INDEX001[m
	[31mmodified:   .Rproj.user/284780B9/sources/prop/4FE85A3E[m
	[31mmodified:   .Rproj.user/284780B9/sources/prop/INDEX[m
	[31mmodified:   .Rproj.user/284780B9/sources/s-815B8A39/3DF10D89[m
	[31mmodified:   .Rproj.user/284780B9/sources/s-815B8A39/3DF10D89-contents[m
	[31mmodified:   .Rproj.user/shared/notebooks/5F8CF346-Parks/1/284780B9815B8A39/chunks.json[m
	[31mmodified:   .Rproj.user/shared/notebooks/5F8CF346-Parks/1/s/chunks.json[m
	[31mmodified:   .Rproj.user/shared/notebooks/paths[m
	[31mmodified:   Parks.Rmd[m
	[31mmodified:   Parks.html[m
	[31mmodified:   parks_tdy.csv[m

Untracked files:
  (use "git add <file>..." to include in what will be committed)

	[31m.Rproj.user/284780B9/sources/prop/4441C3D4[m
	[31m.Rproj.user/284780B9/sources/prop/904D6223[m
	[31m.Rproj.user/284780B9/sources/s-815B8A39/15851794-contents[m
	[31m.Rproj.user/284780B9/sources/s-815B8A39/7C645838[m
	[31m.Rproj.user/284780B9/sources/s-815B8A39/7C645838-contents[m
	[31m.Rproj.user/shared/notebooks/5F8CF346-Parks/1/s/ciskck3a5fof2/[m
	[31m.Rproj.user/shared/notebooks/5F8CF346-Parks/1/s/cjmbjbndc2umv/[m
	[31m.Rproj.user/shared/notebooks/5F8CF346-Parks/1/s/cjx4koi7j5n63/[m
	[31m.Rproj.user/shared/notebooks/5F8CF346-Parks/1/s/cs6zsazqlb0md/[m
	[31mMiami_Parks/[m

no changes added to commit (use "git add" and/or "git commit -a")
]0;~/Documents/VizUMCarters-MacBook-Pro:VizUM carter$ git add -A
]0;~/Documents/VizUMCarters-MacBook-Pro:VizUM carter$ git m[Kcommit
[?2004h[master 42a88b8] making maps
 25 files changed, 944 insertions(+), 320 deletions(-)
 rewrite .Rproj.user/284780B9/console06/INDEX001 (69%)
 create mode 100644 .Rproj.user/284780B9/sources/prop/4441C3D4
 create mode 100644 .Rproj.user/284780B9/sources/prop/904D6223
 create mode 100644 .Rproj.user/284780B9/sources/s-815B8A39/15851794-contents
 create mode 100644 .Rproj.user/284780B9/sources/s-815B8A39/7C645838
 create mode 100644 .Rproj.user/284780B9/sources/s-815B8A39/7C645838-contents
 rewrite .Rproj.user/shared/notebooks/5F8CF346-Parks/1/s/chunks.json (60%)
 create mode 100644 .Rproj.user/shared/notebooks/5F8CF346-Parks/1/s/ciskck3a5fof2/000004.csv
 create mode 100644 .Rproj.user/shared/notebooks/5F8CF346-Parks/1/s/ciskck3a5fof2/000005.html
 create mode 100644 .Rproj.user/shared/notebooks/5F8CF346-Parks/1/s/ciskck3a5fof2/000005.json
 create mode 100644 .Rproj.user/shared/notebooks/5F8CF346-Parks/1/s/ciskck3a5fof2/000005.metadata
 create mode 100644 .Rproj.user/shared/notebooks/5F8CF346-Parks/1/s/cjmbjbndc2umv/000002.csv
 create mode 100644 .Rproj.user/shared/notebooks/5F8CF346-Parks/1/s/cjx4koi7j5n63/000004.csv
 create mode 100644 .Rproj.user/shared/notebooks/5F8CF346-Parks/1/s/cs6zsazqlb0md/000002.csv
 create mode 100644 Miami_Parks/app.R
]0;~/Documents/VizUMCarters-MacBook-Pro:VizUM carter$ git push
Counting objects: 38, done.
Delta compression using up to 8 threads.
Compressing objects:   3% (1/31)   Compressing objects:   6% (2/31)   Compressing objects:   9% (3/31)   Compressing objects:  12% (4/31)   Compressing objects:  16% (5/31)   Compressing objects:  19% (6/31)   Compressing objects:  22% (7/31)   Compressing objects:  25% (8/31)   Compressing objects:  29% (9/31)   Compressing objects:  32% (10/31)   Compressing objects:  35% (11/31)   Compressing objects:  38% (12/31)   Compressing objects:  41% (13/31)   Compressing objects:  45% (14/31)   Compressing objects:  48% (15/31)   Compressing objects:  51% (16/31)   Compressing objects:  54% (17/31)   Compressing objects:  58% (18/31)   Compressing objects:  61% (19/31)   Compressing objects:  64% (20/31)   Compressing objects:  67% (21/31)   Compressing objects:  70% (22/31)   Compressing objects:  74% (23/31)   Compressing objects:  77% (24/31)   Compressing objects:  80% (25/31)   Compressing objects:  83% (26/31)   Compressing objects:  87% (27/31)   Compressing objects:  90% (28/31)   Compressing objects:  93% (29/31)   Compressing objects:  96% (30/31)   Compressing objects: 100% (31/31)   Compressing objects: 100% (31/31), done.
Writing objects:   2% (1/38)   Writing objects:   5% (2/38)   Writing objects:   7% (3/38)   Writing objects:  10% (4/38)   Writing objects:  13% (5/38)   Writing objects:  15% (6/38)   Writing objects:  18% (7/38)   Writing objects:  21% (8/38)   Writing objects:  23% (9/38)   Writing objects:  26% (10/38)   Writing objects:  28% (11/38)   Writing objects:  31% (12/38)   Writing objects:  34% (13/38)   Writing objects:  36% (14/38)   Writing objects:  39% (15/38)   Writing objects:  42% (16/38)   Writing objects:  44% (17/38)   Writing objects:  47% (18/38)   Writing objects:  50% (19/38)   Writing objects:  52% (20/38)   Writing objects:  55% (21/38)   Writing objects:  57% (22/38)   Writing objects:  60% (23/38)   Writing objects:  63% (24/38)   Writing objects:  65% (25/38)   Writing objects:  68% (26/38)   Writing objects:  71% (27/38)   Writing objects:  73% (28/38)   Writing objects:  76% (29/38)   Writing objects:  78% (30/38)   Writing objects:  81% (31/38)   Writing objects:  84% (32/38)   Writing objects:  86% (33/38)   Writing objects:  89% (34/38)   Writing objects:  92% (35/38)   Writing objects:  94% (36/38)   Writing objects:  97% (37/38)   Writing objects: 100% (38/38)   Writing objects: 100% (38/38), 17.96 KiB | 278.00 KiB/s, done.
Total 38 (delta 7), reused 0 (delta 0)
remote: Resolving deltas:   0% (0/7)   [Kremote: Resolving deltas:  14% (1/7)   [Kremote: Resolving deltas:  28% (2/7)   [Kremote: Resolving deltas:  42% (3/7)   [Kremote: Resolving deltas:  57% (4/7)   [Kremote: Resolving deltas:  71% (5/7)   [Kremote: Resolving deltas:  85% (6/7)   [Kremote: Resolving deltas: 100% (7/7)   [Kremote: Resolving deltas: 100% (7/7), completed with 7 local objects.[K
To https://github.com/carter-allen/VizUM.git
   f1fcdb4..42a88b8  master -> master
]0;~/Documents/VizUMCarters-MacBook-Pro:VizUM carter$ gti st[K[K[K[K[Kit status
On branch master
Your branch is up-to-date with 'origin/master'.

Changes not staged for commit:
  (use "git add/rm <file>..." to update what will be committed)
  (use "git checkout -- <file>..." to discard changes in working directory)

	[31mmodified:   .Rproj.user/284780B9/console06/8F89C4A8[m
	[31mmodified:   .Rproj.user/284780B9/console06/INDEX001[m
	[31mmodified:   .Rproj.user/284780B9/sources/prop/4441C3D4[m
	[31mmodified:   .Rproj.user/284780B9/sources/prop/4FE85A3E[m
	[31mmodified:   .Rproj.user/284780B9/sources/prop/INDEX[m
	[31mmodified:   .Rproj.user/284780B9/sources/s-815B8A39/3DF10D89[m
	[31mmodified:   .Rproj.user/284780B9/sources/s-815B8A39/3DF10D89-contents[m
	[31mmodified:   .Rproj.user/284780B9/sources/s-815B8A39/7C645838[m
	[31mmodified:   .Rproj.user/284780B9/sources/s-815B8A39/7C645838-contents[m
	[31mdeleted:    .Rproj.user/284780B9/sources/s-815B8A39/8D665F0C[m
	[31mmodified:   .Rproj.user/shared/notebooks/5F8CF346-Parks/1/284780B9815B8A39/chunks.json[m
	[31mmodified:   .Rproj.user/shared/notebooks/5F8CF346-Parks/1/s/chunks.json[m
	[31mdeleted:    .Rproj.user/shared/notebooks/5F8CF346-Parks/1/s/ciskck3a5fof2/000004.csv[m
	[31mdeleted:    .Rproj.user/shared/notebooks/5F8CF346-Parks/1/s/ciskck3a5fof2/000005.html[m
	[31mdeleted:    .Rproj.user/shared/notebooks/5F8CF346-Parks/1/s/ciskck3a5fof2/000005.json[m
	[31mdeleted:    .Rproj.user/shared/notebooks/5F8CF346-Parks/1/s/ciskck3a5fof2/000005.metadata[m
	[31mmodified:   .Rproj.user/shared/notebooks/paths[m
	[31mmodified:   Miami_Parks/app.R[m
	[31mmodified:   Parks.Rmd[m
	[31mmodified:   Parks.html[m

Untracked files:
  (use "git add <file>..." to include in what will be committed)

	[31m.Rproj.user/284780B9/sources/prop/1B0492F7[m
	[31m.Rproj.user/284780B9/sources/s-815B8A39/256D2EB0-contents[m
	[31m.Rproj.user/284780B9/sources/s-815B8A39/A6237CA1[m
	[31m.Rproj.user/284780B9/sources/s-815B8A39/A6237CA1-contents[m
	[31m.Rproj.user/284780B9/sources/s-815B8A39/F04A01[m
	[31m.Rproj.user/284780B9/sources/s-815B8A39/F04A01-contents[m
	[31m.Rproj.user/shared/notebooks/5F8CF346-Parks/1/s/cnnejit634lhj/[m

no changes added to commit (use "git add" and/or "git commit -a")
]0;~/Documents/VizUMCarters-MacBook-Pro:VizUM carter$ git add -A