]0;~/Documents/VizUM[?1034hCarters-MacBook-Pro:VizUM carter$ [KCarters-MacBook-Pro:VizUM carter$ echo "# VizUM" >> README.md
]0;~/Documents/VizUMCarters-MacBook-Pro:VizUM carter$ git init
Initialized empty Git repository in /Users/carter/Documents/VizUM/.git/
]0;~/Documents/VizUMCarters-MacBook-Pro:VizUM carter$ git add README.md
]0;~/Documents/VizUMCarters-MacBook-Pro:VizUM carter$ git commit -m "first commit"
[master (root-commit) d32428c] first commit
 1 file changed, 1 insertion(+)
 create mode 100644 README.md
]0;~/Documents/VizUMCarters-MacBook-Pro:VizUM carter$ git remote add origin https://github.com/cart er-allen/VizUM.git
]0;~/Documents/VizUMCarters-MacBook-Pro:VizUM carter$ git push -u origin master
Counting objects: 3, done.
Writing objects:  33% (1/3)   Writing objects:  66% (2/3)   Writing objects: 100% (3/3)   Writing objects: 100% (3/3), 219 bytes | 219.00 KiB/s, done.
Total 3 (delta 0), reused 0 (delta 0)
To https://github.com/carter-allen/VizUM.git
 * [new branch]      master -> master
Branch master set up to track remote branch master from origin.
]0;~/Documents/VizUMCarters-MacBook-Pro:VizUM carter$ git status
On branch master
Your branch is up-to-date with 'origin/master'.

Untracked files:
  (use "git add <file>..." to include in what will be committed)

	[31m.Rproj.user/[m
	[31mParks.Rmd[m
	[31mParks.html[m
	[31mVizUM.Rproj[m
	[31mparks.csv[m

nothing added to commit but untracked files present (use "git add" to track)
]0;~/Documents/VizUMCarters-MacBook-Pro:VizUM carter$ git ass [K[K[Kdd -A
]0;~/Documents/VizUMCarters-MacBook-Pro:VizUM carter$ git starus
git: 'starus' is not a git command. See 'git --help'.

The most similar command is
	status
]0;~/Documents/VizUMCarters-MacBook-Pro:VizUM carter$ git stau[Ktus
On branch master
Your branch is up-to-date with 'origin/master'.

Changes to be committed:
  (use "git reset HEAD <file>..." to unstage)

	[32mnew file:   .Rproj.user/284780B9/console06/8F89C4A8[m
	[32mnew file:   .Rproj.user/284780B9/console06/8F89C4A8.env[m
	[32mnew file:   .Rproj.user/284780B9/console06/INDEX001[m
	[32mnew file:   .Rproj.user/284780B9/sources/prop/3B2B885B[m
	[32mnew file:   .Rproj.user/284780B9/sources/prop/4FE85A3E[m
	[32mnew file:   .Rproj.user/284780B9/sources/prop/INDEX[m
	[32mnew file:   .Rproj.user/284780B9/sources/s-815B8A39/3DF10D89[m
	[32mnew file:   .Rproj.user/284780B9/sources/s-815B8A39/3DF10D89-contents[m
	[32mnew file:   .Rproj.user/284780B9/sources/s-815B8A39/9B4F4E8[m
	[32mnew file:   .Rproj.user/284780B9/sources/s-815B8A39/9B4F4E8-contents[m
	[32mnew file:   .Rproj.user/284780B9/sources/s-815B8A39/C7A71465[m
	[32mnew file:   .Rproj.user/284780B9/sources/s-815B8A39/C7A71465-contents[m
	[32mnew file:   .Rproj.user/284780B9/sources/s-815B8A39/lock_file[m
	[32mnew file:   .Rproj.user/shared/notebooks/5F8CF346-Parks/1/284780B9815B8A39/chunks.json[m
	[32mnew file:   .Rproj.user/shared/notebooks/5F8CF346-Parks/1/s/chunks.json[m
	[32mnew file:   .Rproj.user/shared/notebooks/5F8CF346-Parks/1/s/cqpwargc956bo/000002.csv[m
	[32mnew file:   .Rproj.user/shared/notebooks/5F8CF346-Parks/1/s/csetup_chunk/000002.csv[m
	[32mnew file:   .Rproj.user/shared/notebooks/patch-chunk-names[m
	[32mnew file:   .Rproj.user/shared/notebooks/paths[m
	[32mnew file:   Parks.Rmd[m
	[32mnew file:   Parks.html[m
	[32mnew file:   VizUM.Rproj[m
	[32mnew file:   parks.csv[m

Changes not staged for commit:
  (use "git add <file>..." to update what will be committed)
  (use "git checkout -- <file>..." to discard changes in working directory)

	[31mmodified:   .Rproj.user/284780B9/console06/8F89C4A8[m

]0;~/Documents/VizUMCarters-MacBook-Pro:VizUM carter$ git commiy[Kt
[?2004h[master 5b08683] Parks data
 23 files changed, 1141 insertions(+)
 create mode 100644 .Rproj.user/284780B9/console06/8F89C4A8
 create mode 100644 .Rproj.user/284780B9/console06/8F89C4A8.env
 create mode 100644 .Rproj.user/284780B9/console06/INDEX001
 create mode 100644 .Rproj.user/284780B9/sources/prop/3B2B885B
 create mode 100644 .Rproj.user/284780B9/sources/prop/4FE85A3E
 create mode 100644 .Rproj.user/284780B9/sources/prop/INDEX
 create mode 100644 .Rproj.user/284780B9/sources/s-815B8A39/3DF10D89
 create mode 100644 .Rproj.user/284780B9/sources/s-815B8A39/3DF10D89-contents
 create mode 100644 .Rproj.user/284780B9/sources/s-815B8A39/9B4F4E8
 create mode 100644 .Rproj.user/284780B9/sources/s-815B8A39/9B4F4E8-contents
 create mode 100644 .Rproj.user/284780B9/sources/s-815B8A39/C7A71465
 create mode 100644 .Rproj.user/284780B9/sources/s-815B8A39/C7A71465-contents
 create mode 100644 .Rproj.user/284780B9/sources/s-815B8A39/lock_file
 create mode 100644 .Rproj.user/shared/notebooks/5F8CF346-Parks/1/284780B9815B8A39/chunks.json
 create mode 100644 .Rproj.user/shared/notebooks/5F8CF346-Parks/1/s/chunks.json
 create mode 100644 .Rproj.user/shared/notebooks/5F8CF346-Parks/1/s/cqpwargc956bo/000002.csv
 create mode 100644 .Rproj.user/shared/notebooks/5F8CF346-Parks/1/s/csetup_chunk/000002.csv
 create mode 100644 .Rproj.user/shared/notebooks/patch-chunk-names
 create mode 100644 .Rproj.user/shared/notebooks/paths
 create mode 100644 Parks.Rmd
 create mode 100644 Parks.html
 create mode 100644 VizUM.Rproj
 create mode 100644 parks.csv
]0;~/Documents/VizUMCarters-MacBook-Pro:VizUM carter$ git push
Counting objects: 36, done.
Delta compression using up to 8 threads.
Compressing objects:   3% (1/29)   Compressing objects:   6% (2/29)   Compressing objects:  10% (3/29)   Compressing objects:  13% (4/29)   Compressing objects:  17% (5/29)   Compressing objects:  20% (6/29)   Compressing objects:  24% (7/29)   Compressing objects:  27% (8/29)   Compressing objects:  31% (9/29)   Compressing objects:  34% (10/29)   Compressing objects:  37% (11/29)   Compressing objects:  41% (12/29)   Compressing objects:  44% (13/29)   Compressing objects:  48% (14/29)   Compressing objects:  51% (15/29)   Compressing objects:  55% (16/29)   Compressing objects:  58% (17/29)   Compressing objects:  62% (18/29)   Compressing objects:  65% (19/29)   Compressing objects:  68% (20/29)   Compressing objects:  72% (21/29)   Compressing objects:  75% (22/29)   Compressing objects:  79% (23/29)   Compressing objects:  82% (24/29)   Compressing objects:  86% (25/29)   Compressing objects:  89% (26/29)   Compressing objects:  93% (27/29)   Compressing objects:  96% (28/29)   Compressing objects: 100% (29/29)   Compressing objects: 100% (29/29), done.
Writing objects:   2% (1/36)   Writing objects:   5% (2/36)   Writing objects:   8% (3/36)   Writing objects:  11% (4/36)   Writing objects:  13% (5/36)   Writing objects:  16% (6/36)   Writing objects:  19% (7/36)   Writing objects:  22% (8/36)   Writing objects:  25% (9/36)   Writing objects:  27% (10/36)   Writing objects:  30% (11/36)   Writing objects:  33% (12/36)   Writing objects:  36% (13/36)   Writing objects:  38% (14/36)   Writing objects:  44% (16/36)   Writing objects:  47% (17/36)   Writing objects:  50% (18/36)   Writing objects:  52% (19/36)   Writing objects:  55% (20/36)   Writing objects:  58% (21/36)   Writing objects:  61% (22/36)   Writing objects:  63% (23/36)   Writing objects:  66% (24/36)   Writing objects:  69% (25/36)   Writing objects:  72% (26/36)   Writing objects:  75% (27/36)   Writing objects:  77% (28/36)   Writing objects:  80% (29/36)   Writing objects:  83% (30/36)   Writing objects:  86% (31/36)   Writing objects:  88% (32/36)   Writing objects:  91% (33/36)   Writing objects:  94% (34/36)   Writing objects:  97% (35/36)   Writing objects: 100% (36/36)   Writing objects: 100% (36/36), 259.73 KiB | 2.55 MiB/s, done.
Total 36 (delta 1), reused 0 (delta 0)
remote: Resolving deltas:   0% (0/1)   [Kremote: Resolving deltas: 100% (1/1)   [Kremote: Resolving deltas: 100% (1/1), done.[K
To https://github.com/carter-allen/VizUM.git
   d32428c..5b08683  master -> master
]0;~/Documents/VizUMCarters-MacBook-Pro:VizUM carter$ gt[Kit status
On branch master
Your branch is up-to-date with 'origin/master'.

Changes not staged for commit:
  (use "git add/rm <file>..." to update what will be committed)
  (use "git checkout -- <file>..." to discard changes in working directory)

	[31mmodified:   .Rproj.user/284780B9/console06/8F89C4A8[m
	[31mmodified:   .Rproj.user/284780B9/console06/INDEX001[m
	[31mmodified:   .Rproj.user/284780B9/sources/prop/4FE85A3E[m
	[31mmodified:   .Rproj.user/284780B9/sources/s-815B8A39/3DF10D89[m
	[31mmodified:   .Rproj.user/284780B9/sources/s-815B8A39/3DF10D89-contents[m
	[31mdeleted:    .Rproj.user/284780B9/sources/s-815B8A39/C7A71465[m
	[31mmodified:   .Rproj.user/shared/notebooks/5F8CF346-Parks/1/284780B9815B8A39/chunks.json[m
	[31mmodified:   .Rproj.user/shared/notebooks/5F8CF346-Parks/1/s/chunks.json[m
	[31mdeleted:    .Rproj.user/shared/notebooks/5F8CF346-Parks/1/s/cqpwargc956bo/000002.csv[m
	[31mmodified:   Parks.Rmd[m
	[31mmodified:   Parks.html[m

Untracked files:
  (use "git add <file>..." to include in what will be committed)

	[31m.Rproj.user/284780B9/sources/s-815B8A39/8D665F0C[m
	[31m.Rproj.user/284780B9/sources/s-815B8A39/8D665F0C-contents[m
	[31m.Rproj.user/shared/notebooks/5F8CF346-Parks/1/s/c0kswj63y6r8p/[m
	[31m.Rproj.user/shared/notebooks/5F8CF346-Parks/1/s/c9zji0dibu6n4/[m
	[31m.Rproj.user/shared/notebooks/5F8CF346-Parks/1/s/cmzih8zizsac2/[m
	[31m.Rproj.user/shared/notebooks/5F8CF346-Parks/1/s/cqpwargc956bo/000006.csv[m
	[31m.Rproj.user/shared/notebooks/5F8CF346-Parks/1/s/lib/[m
	[31mparks_tdy.csv[m

no changes added to commit (use "git add" and/or "git commit -a")
]0;~/Documents/VizUMCarters-MacBook-Pro:VizUM carter$ git add -A